node_modules/react-router-dom/dist/index.d.ts(1,69): error TS2307: Cannot find module 'react-router/dom' or its corresponding type declarations.
  There are types at 'D:/CCTV/frontend/node_modules/react-router/dist/development/dom-export.d.mts', but this result could not be resolved under your current 'moduleResolution' setting. Consider updating to 'node16', 'nodenext', or 'bundler'.
node_modules/react-router/dist/development/index.d.ts(4,8): error TS1259: Module '"D:/CCTV/frontend/node_modules/@types/react/index"' can only be default-imported using the 'esModuleInterop' flag
node_modules/react-router/dist/development/instrumentation--6Pioq_G.d.ts(413,5): error TS18028: Private identifiers are only available when targeting ECMAScript 2015 and higher.
src/pages/customer/Cart.tsx(8,25): error TS6142: Module '../../context/AuthContext' was resolved to 'D:/CCTV/frontend/src/context/AuthContext.tsx', but '--jsx' is not set.
src/pages/customer/Cart.tsx(122,13): error TS17004: Cannot use JSX unless the '--jsx' flag is provided.
src/pages/customer/Cart.tsx(123,17): error TS17004: Cannot use JSX unless the '--jsx' flag is provided.
src/pages/customer/Cart.tsx(129,9): error TS17004: Cannot use JSX unless the '--jsx' flag is provided.
src/pages/customer/Cart.tsx(130,13): error TS17004: Cannot use JSX unless the '--jsx' flag is provided.
src/pages/customer/Cart.tsx(133,17): error TS17004: Cannot use JSX unless the '--jsx' flag is provided.
src/pages/customer/Cart.tsx(134,21): error TS17004: Cannot use JSX unless the '--jsx' flag is provided.
src/pages/customer/Cart.tsx(135,21): error TS17004: Cannot use JSX unless the '--jsx' flag is provided.
src/pages/customer/Cart.tsx(136,21): error TS17004: Cannot use JSX unless the '--jsx' flag is provided.
src/pages/customer/Cart.tsx(137,21): error TS17004: Cannot use JSX unless the '--jsx' flag is provided.
src/pages/customer/Cart.tsx(145,17): error TS17004: Cannot use JSX unless the '--jsx' flag is provided.
src/pages/customer/Cart.tsx(147,21): error TS17004: Cannot use JSX unless the '--jsx' flag is provided.
src/pages/customer/Cart.tsx(148,25): error TS17004: Cannot use JSX unless the '--jsx' flag is provided.
src/pages/customer/Cart.tsx(150,29): error TS17004: Cannot use JSX unless the '--jsx' flag is provided.
src/pages/customer/Cart.tsx(151,33): error TS17004: Cannot use JSX unless the '--jsx' flag is provided.
src/pages/customer/Cart.tsx(152,33): error TS17004: Cannot use JSX unless the '--jsx' flag is provided.
src/pages/customer/Cart.tsx(153,33): error TS17004: Cannot use JSX unless the '--jsx' flag is provided.
src/pages/customer/Cart.tsx(154,33): error TS17004: Cannot use JSX unless the '--jsx' flag is provided.
src/pages/customer/Cart.tsx(158,29): error TS17004: Cannot use JSX unless the '--jsx' flag is provided.
src/pages/customer/Cart.tsx(160,37): error TS17004: Cannot use JSX unless the '--jsx' flag is provided.
src/pages/customer/Cart.tsx(162,41): error TS17004: Cannot use JSX unless the '--jsx' flag is provided.
src/pages/customer/Cart.tsx(163,45): error TS17004: Cannot use JSX unless the '--jsx' flag is provided.
src/pages/customer/Cart.tsx(164,49): error TS17004: Cannot use JSX unless the '--jsx' flag is provided.
src/pages/customer/Cart.tsx(169,49): error TS17004: Cannot use JSX unless the '--jsx' flag is provided.
src/pages/customer/Cart.tsx(173,53): error TS17004: Cannot use JSX unless the '--jsx' flag is provided.
src/pages/customer/Cart.tsx(176,45): error TS17004: Cannot use JSX unless the '--jsx' flag is provided.
src/pages/customer/Cart.tsx(177,49): error TS17004: Cannot use JSX unless the '--jsx' flag is provided.
src/pages/customer/Cart.tsx(178,49): error TS17004: Cannot use JSX unless the '--jsx' flag is provided.
src/pages/customer/Cart.tsx(179,49): error TS17004: Cannot use JSX unless the '--jsx' flag is provided.
src/pages/customer/Cart.tsx(181,57): error TS17004: Cannot use JSX unless the '--jsx' flag is provided.
src/pages/customer/Cart.tsx(183,53): error TS17004: Cannot use JSX unless the '--jsx' flag is provided.
src/pages/customer/Cart.tsx(189,41): error TS17004: Cannot use JSX unless the '--jsx' flag is provided.
src/pages/customer/Cart.tsx(190,45): error TS17004: Cannot use JSX unless the '--jsx' flag is provided.
src/pages/customer/Cart.tsx(196,41): error TS17004: Cannot use JSX unless the '--jsx' flag is provided.
src/pages/customer/Cart.tsx(197,45): error TS17004: Cannot use JSX unless the '--jsx' flag is provided.
src/pages/customer/Cart.tsx(198,49): error TS17004: Cannot use JSX unless the '--jsx' flag is provided.
src/pages/customer/Cart.tsx(202,53): error TS17004: Cannot use JSX unless the '--jsx' flag is provided.
src/pages/customer/Cart.tsx(204,49): error TS17004: Cannot use JSX unless the '--jsx' flag is provided.
src/pages/customer/Cart.tsx(205,49): error TS17004: Cannot use JSX unless the '--jsx' flag is provided.
src/pages/customer/Cart.tsx(209,53): error TS17004: Cannot use JSX unless the '--jsx' flag is provided.
src/pages/customer/Cart.tsx(215,41): error TS17004: Cannot use JSX unless the '--jsx' flag is provided.
src/pages/customer/Cart.tsx(216,45): error TS17004: Cannot use JSX unless the '--jsx' flag is provided.
src/pages/customer/Cart.tsx(217,49): error TS17004: Cannot use JSX unless the '--jsx' flag is provided.
src/pages/customer/Cart.tsx(220,49): error TS17004: Cannot use JSX unless the '--jsx' flag is provided.
src/pages/customer/Cart.tsx(228,29): error TS17004: Cannot use JSX unless the '--jsx' flag is provided.
src/pages/customer/Cart.tsx(229,33): error TS17004: Cannot use JSX unless the '--jsx' flag is provided.
src/pages/customer/Cart.tsx(235,33): error TS17004: Cannot use JSX unless the '--jsx' flag is provided.
src/pages/customer/Cart.tsx(240,54): error TS17004: Cannot use JSX unless the '--jsx' flag is provided.
src/pages/customer/Cart.tsx(248,21): error TS17004: Cannot use JSX unless the '--jsx' flag is provided.
src/pages/customer/Cart.tsx(249,25): error TS17004: Cannot use JSX unless the '--jsx' flag is provided.
src/pages/customer/Cart.tsx(250,29): error TS17004: Cannot use JSX unless the '--jsx' flag is provided.
src/pages/customer/Cart.tsx(252,29): error TS17004: Cannot use JSX unless the '--jsx' flag is provided.
src/pages/customer/Cart.tsx(253,33): error TS17004: Cannot use JSX unless the '--jsx' flag is provided.
src/pages/customer/Cart.tsx(254,37): error TS17004: Cannot use JSX unless the '--jsx' flag is provided.
src/pages/customer/Cart.tsx(255,37): error TS17004: Cannot use JSX unless the '--jsx' flag is provided.
src/pages/customer/Cart.tsx(257,33): error TS17004: Cannot use JSX unless the '--jsx' flag is provided.
src/pages/customer/Cart.tsx(258,37): error TS17004: Cannot use JSX unless the '--jsx' flag is provided.
src/pages/customer/Cart.tsx(259,37): error TS17004: Cannot use JSX unless the '--jsx' flag is provided.
src/pages/customer/Cart.tsx(261,33): error TS17004: Cannot use JSX unless the '--jsx' flag is provided.
src/pages/customer/Cart.tsx(262,37): error TS17004: Cannot use JSX unless the '--jsx' flag is provided.
src/pages/customer/Cart.tsx(263,37): error TS17004: Cannot use JSX unless the '--jsx' flag is provided.
src/pages/customer/Cart.tsx(266,37): error TS17004: Cannot use JSX unless the '--jsx' flag is provided.
src/pages/customer/Cart.tsx(271,29): error TS17004: Cannot use JSX unless the '--jsx' flag is provided.
src/pages/customer/Cart.tsx(272,33): error TS17004: Cannot use JSX unless the '--jsx' flag is provided.
src/pages/customer/Cart.tsx(273,33): error TS17004: Cannot use JSX unless the '--jsx' flag is provided.
src/pages/customer/Cart.tsx(276,29): error TS17004: Cannot use JSX unless the '--jsx' flag is provided.
src/pages/customer/Cart.tsx(277,33): error TS17004: Cannot use JSX unless the '--jsx' flag is provided.
src/pages/customer/Cart.tsx(278,33): error TS17004: Cannot use JSX unless the '--jsx' flag is provided.
src/pages/customer/Cart.tsx(281,29): error TS17004: Cannot use JSX unless the '--jsx' flag is provided.
src/pages/customer/Cart.tsx(286,50): error TS17004: Cannot use JSX unless the '--jsx' flag is provided.
src/pages/customer/Cart.tsx(296,17): error TS17004: Cannot use JSX unless the '--jsx' flag is provided.
src/pages/customer/Cart.tsx(297,21): error TS17004: Cannot use JSX unless the '--jsx' flag is provided.
src/pages/customer/Cart.tsx(298,25): error TS17004: Cannot use JSX unless the '--jsx' flag is provided.
src/pages/customer/Cart.tsx(299,29): error TS17004: Cannot use JSX unless the '--jsx' flag is provided.
src/pages/customer/Cart.tsx(301,25): error TS17004: Cannot use JSX unless the '--jsx' flag is provided.
src/pages/customer/Cart.tsx(302,25): error TS17004: Cannot use JSX unless the '--jsx' flag is provided.
src/pages/customer/Cart.tsx(303,25): error TS17004: Cannot use JSX unless the '--jsx' flag is provided.
